Flow report for Lab2
Fri Sep 20 10:54:57 2019
Quartus II Version 9.1 Build 222 10/21/2009 SJ Web Edition


---------------------
; Table of Contents ;
---------------------
  1. Legal Notice
  2. Flow Summary
  3. Flow Settings
  4. Flow Non-Default Global Settings
  5. Flow Elapsed Time
  6. Flow OS Summary
  7. Flow Log



----------------
; Legal Notice ;
----------------
Copyright (C) 1991-2009 Altera Corporation
Your use of Altera Corporation's design tools, logic functions 
and other software and tools, and its AMPP partner logic 
functions, and any output files from any of the foregoing 
(including device programming or simulation files), and any 
associated documentation or information are expressly subject 
to the terms and conditions of the Altera Program License 
Subscription Agreement, Altera MegaCore Function License 
Agreement, or other applicable license agreement, including, 
without limitation, that your use is for the sole purpose of 
programming logic devices manufactured by Altera and sold by 
Altera or its authorized distributors.  Please refer to the 
applicable agreement for further details.



+-------------------------------------------------------------------------+
; Flow Summary                                                            ;
+-------------------------------+-----------------------------------------+
; Flow Status                   ; Successful - Fri Sep 20 10:54:57 2019   ;
; Quartus II Version            ; 9.1 Build 222 10/21/2009 SJ Web Edition ;
; Revision Name                 ; Lab2                                    ;
; Top-level Entity Name         ; main                                    ;
; Family                        ; Stratix II                              ;
; Met timing requirements       ; N/A                                     ;
; Logic utilization             ; N/A                                     ;
;     Combinational ALUTs       ; 117                                     ;
;     Dedicated logic registers ; 31                                      ;
; Total registers               ; 31                                      ;
; Total pins                    ; 33                                      ;
; Total virtual pins            ; 0                                       ;
; Total block memory bits       ; 0                                       ;
; DSP block 9-bit elements      ; 0                                       ;
; Total PLLs                    ; 0                                       ;
; Total DLLs                    ; 0                                       ;
+-------------------------------+-----------------------------------------+


+-----------------------------------------+
; Flow Settings                           ;
+-------------------+---------------------+
; Option            ; Setting             ;
+-------------------+---------------------+
; Start date & time ; 09/20/2019 10:54:54 ;
; Main task         ; Compilation         ;
; Revision Name     ; Lab2                ;
+-------------------+---------------------+


+-----------------------------------------------------------------------------------------------------------------------+
; Flow Non-Default Global Settings                                                                                      ;
+------------------------------------+-----------------------------------+---------------+-------------+----------------+
; Assignment Name                    ; Value                             ; Default Value ; Entity Name ; Section Id     ;
+------------------------------------+-----------------------------------+---------------+-------------+----------------+
; COMPILER_SIGNATURE_ID              ; 137098620596043.156896609310456   ; --            ; --          ; --             ;
; IP_TOOL_NAME                       ; LPM_XOR                           ; --            ; --          ; --             ;
; IP_TOOL_NAME                       ; LPM_COMPARE                       ; --            ; --          ; --             ;
; IP_TOOL_NAME                       ; LPM_ADD_SUB                       ; --            ; --          ; --             ;
; IP_TOOL_NAME                       ; LPM_COUNTER                       ; --            ; --          ; --             ;
; IP_TOOL_NAME                       ; LPM_COUNTER                       ; --            ; --          ; --             ;
; IP_TOOL_NAME                       ; LPM_MULT                          ; --            ; --          ; --             ;
; IP_TOOL_NAME                       ; LPM_ADD_SUB                       ; --            ; --          ; --             ;
; IP_TOOL_NAME                       ; LPM_COMPARE                       ; --            ; --          ; --             ;
; IP_TOOL_NAME                       ; LPM_COUNTER                       ; --            ; --          ; --             ;
; IP_TOOL_NAME                       ; LPM_COUNTER                       ; --            ; --          ; --             ;
; IP_TOOL_NAME                       ; LPM_DECODE                        ; --            ; --          ; --             ;
; IP_TOOL_NAME                       ; LPM_AND                           ; --            ; --          ; --             ;
; IP_TOOL_NAME                       ; LPM_OR                            ; --            ; --          ; --             ;
; IP_TOOL_VERSION                    ; 9.1                               ; --            ; --          ; --             ;
; IP_TOOL_VERSION                    ; 9.1                               ; --            ; --          ; --             ;
; IP_TOOL_VERSION                    ; 9.1                               ; --            ; --          ; --             ;
; IP_TOOL_VERSION                    ; 9.1                               ; --            ; --          ; --             ;
; IP_TOOL_VERSION                    ; 9.1                               ; --            ; --          ; --             ;
; IP_TOOL_VERSION                    ; 9.1                               ; --            ; --          ; --             ;
; IP_TOOL_VERSION                    ; 9.1                               ; --            ; --          ; --             ;
; IP_TOOL_VERSION                    ; 9.1                               ; --            ; --          ; --             ;
; IP_TOOL_VERSION                    ; 9.1                               ; --            ; --          ; --             ;
; IP_TOOL_VERSION                    ; 9.1                               ; --            ; --          ; --             ;
; IP_TOOL_VERSION                    ; 9.1                               ; --            ; --          ; --             ;
; IP_TOOL_VERSION                    ; 9.1                               ; --            ; --          ; --             ;
; IP_TOOL_VERSION                    ; 9.1                               ; --            ; --          ; --             ;
; MISC_FILE                          ; lpm_xor_for_block_3.tdf           ; --            ; --          ; --             ;
; MISC_FILE                          ; lpm_xor_for_block_3.bsf           ; --            ; --          ; --             ;
; MISC_FILE                          ; lpm_xor_for_block_3.inc           ; --            ; --          ; --             ;
; MISC_FILE                          ; lpm_compare0.tdf                  ; --            ; --          ; --             ;
; MISC_FILE                          ; lpm_compare0.bsf                  ; --            ; --          ; --             ;
; MISC_FILE                          ; lpm_compare0.inc                  ; --            ; --          ; --             ;
; MISC_FILE                          ; lpm_add_sub0.tdf                  ; --            ; --          ; --             ;
; MISC_FILE                          ; lpm_add_sub0.bsf                  ; --            ; --          ; --             ;
; MISC_FILE                          ; lpm_add_sub0.inc                  ; --            ; --          ; --             ;
; MISC_FILE                          ; lmp_counter_my.tdf                ; --            ; --          ; --             ;
; MISC_FILE                          ; lmp_counter_my.bsf                ; --            ; --          ; --             ;
; MISC_FILE                          ; lmp_counter_my.inc                ; --            ; --          ; --             ;
; MISC_FILE                          ; lpm_counter_for_block2.tdf        ; --            ; --          ; --             ;
; MISC_FILE                          ; lpm_counter_for_block2.bsf        ; --            ; --          ; --             ;
; MISC_FILE                          ; lpm_counter_for_block2.inc        ; --            ; --          ; --             ;
; MISC_FILE                          ; lpm_mult_for_block2.tdf           ; --            ; --          ; --             ;
; MISC_FILE                          ; lpm_mult_for_block2.bsf           ; --            ; --          ; --             ;
; MISC_FILE                          ; lpm_mult_for_block2.inc           ; --            ; --          ; --             ;
; MISC_FILE                          ; lpm_add_sub_for_block_2.tdf       ; --            ; --          ; --             ;
; MISC_FILE                          ; lpm_add_sub_for_block_2.bsf       ; --            ; --          ; --             ;
; MISC_FILE                          ; lpm_add_sub_for_block_2.inc       ; --            ; --          ; --             ;
; MISC_FILE                          ; lpm_compare_for_block_2.tdf       ; --            ; --          ; --             ;
; MISC_FILE                          ; lpm_compare_for_block_2.bsf       ; --            ; --          ; --             ;
; MISC_FILE                          ; lpm_compare_for_block_2.inc       ; --            ; --          ; --             ;
; MISC_FILE                          ; lpm_counter_for_block_2_ver_2.tdf ; --            ; --          ; --             ;
; MISC_FILE                          ; lpm_counter_for_block_2_ver_2.bsf ; --            ; --          ; --             ;
; MISC_FILE                          ; lpm_counter_for_block_2_ver_2.inc ; --            ; --          ; --             ;
; MISC_FILE                          ; lpm_counter_for_block_3.tdf       ; --            ; --          ; --             ;
; MISC_FILE                          ; lpm_counter_for_block_3.bsf       ; --            ; --          ; --             ;
; MISC_FILE                          ; lpm_counter_for_block_3.inc       ; --            ; --          ; --             ;
; MISC_FILE                          ; lpm_decode_for_block_3.tdf        ; --            ; --          ; --             ;
; MISC_FILE                          ; lpm_decode_for_block_3.bsf        ; --            ; --          ; --             ;
; MISC_FILE                          ; lpm_decode_for_block_3.inc        ; --            ; --          ; --             ;
; MISC_FILE                          ; lpm_and_for_blcok_3.tdf           ; --            ; --          ; --             ;
; MISC_FILE                          ; lpm_and_for_blcok_3.bsf           ; --            ; --          ; --             ;
; MISC_FILE                          ; lpm_and_for_blcok_3.inc           ; --            ; --          ; --             ;
; MISC_FILE                          ; lpm_or_for_block_3.tdf            ; --            ; --          ; --             ;
; MISC_FILE                          ; lpm_or_for_block_3.bsf            ; --            ; --          ; --             ;
; MISC_FILE                          ; lpm_or_for_block_3.inc            ; --            ; --          ; --             ;
; PARTITION_COLOR                    ; 16764057                          ; --            ; main        ; Top            ;
; PARTITION_NETLIST_TYPE             ; SOURCE                            ; --            ; main        ; Top            ;
; TOP_LEVEL_ENTITY                   ; main                              ; Lab2          ; --          ; --             ;
; USE_GENERATED_PHYSICAL_CONSTRAINTS ; Off                               ; --            ; --          ; eda_blast_fpga ;
+------------------------------------+-----------------------------------+---------------+-------------+----------------+


+--------------------------------------------------------------------------------------------------------------------------+
; Flow Elapsed Time                                                                                                        ;
+----------------------+--------------+-------------------------+---------------------+------------------------------------+
; Module Name          ; Elapsed Time ; Average Processors Used ; Peak Virtual Memory ; Total CPU Time (on all processors) ;
+----------------------+--------------+-------------------------+---------------------+------------------------------------+
; Analysis & Synthesis ; 00:00:03     ; 1.0                     ; 248 MB              ; 00:00:04                           ;
; Total                ; 00:00:03     ; --                      ; --                  ; 00:00:04                           ;
+----------------------+--------------+-------------------------+---------------------+------------------------------------+


+---------------------------------------------------------------------------------------+
; Flow OS Summary                                                                       ;
+----------------------+------------------+---------------+------------+----------------+
; Module Name          ; Machine Hostname ; OS Name       ; OS Version ; Processor type ;
+----------------------+------------------+---------------+------------+----------------+
; Analysis & Synthesis ; DESKTOP-QMVSH5N  ; Windows Vista ; 6.2        ; x86_64         ;
+----------------------+------------------+---------------+------------+----------------+


------------
; Flow Log ;
------------
quartus_map --read_settings_files=on --write_settings_files=off Lab2 -c Lab2



